<html>
<body>
<pre>
<h1>µVision Build Log</h1>
<h2>Project:</h2>
E:\v23he7a2\ATTENDANCE SYSTEM IMPLEMENTATION USING RFID\PROJECT.uvproj
Project File Date:  06/06/2024

<h2>Output:</h2>
Build target 'Target 1'
linking...
Program Size: Code=8804 RO-data=32 RW-data=72 ZI-data=1272  
FromELF: creating hex file...
"rfid_reader.axf" - 0 Error(s), 0 Warning(s).
Build target 'Target 1'
compiling lcd.c...
compiling keypad.c...
compiling file.c...
compiling ext_int.c...
linking...
Program Size: Code=8780 RO-data=32 RW-data=72 ZI-data=1272  
FromELF: creating hex file...
"rfid_reader.axf" - 0 Error(s), 0 Warning(s).
Build target 'Target 1'
compiling ext_int.c...
linking...
Program Size: Code=8804 RO-data=32 RW-data=72 ZI-data=1272  
FromELF: creating hex file...
"rfid_reader.axf" - 0 Error(s), 0 Warning(s).
